// Jest Snapshot v1, https://goo.gl/fbAQLP

exports[`Graph Tempo Personalizado Deve renderizar o grafico com a opção de tempo personalizado 1`] = `
<div
  className="css-0"
>
  <canvas
    className="Grafico"
    height={150}
    role="img"
    width={300}
  />
  <div
    className="chakra-stack css-0"
  >
    <button
      className="css-0"
      onClick={[Function]}
      placeholder="Download"
    >
      <img
        className="chakra-image css-0"
        id="screenshot-icon"
        src="images/screenshot-icon.svg"
      />
    </button>
    <a
      download="16032022074210"
      href="data:text/csv;charset=utf-8,﻿
"
      onClick={[Function]}
      target="_self"
    >
      <button
        aria-label="download"
        className="chakra-button css-0"
        type="button"
      >
        <svg
          aria-hidden={true}
          fill="none"
          focusable={false}
          height="1em"
          stroke="currentColor"
          strokeLinecap="round"
          strokeLinejoin="round"
          strokeWidth="2"
          style={
            Object {
              "color": undefined,
            }
          }
          viewBox="0 0 24 24"
          width="1em"
          xmlns="http://www.w3.org/2000/svg"
        >
          <path
            d="M21 15v4a2 2 0 0 1-2 2H5a2 2 0 0 1-2-2v-4"
          />
          <polyline
            points="7 10 12 15 17 10"
          />
          <line
            x1="12"
            x2="12"
            y1="15"
            y2="3"
          />
        </svg>
      </button>
    </a>
    <button
      aria-label="compartilhar"
      className="chakra-button css-0"
      onClick={[Function]}
      type="button"
    >
      <svg
        aria-hidden={true}
        fill="currentColor"
        focusable={false}
        height="1em"
        stroke="currentColor"
        strokeWidth="0"
        style={
          Object {
            "color": undefined,
          }
        }
        viewBox="0 0 1024 1024"
        width="1em"
        xmlns="http://www.w3.org/2000/svg"
      >
        <path
          d="M752 664c-28.5 0-54.8 10-75.4 26.7L469.4 540.8a160.68 160.68 0 0 0 0-57.6l207.2-149.9C697.2 350 723.5 360 752 360c66.2 0 120-53.8 120-120s-53.8-120-120-120-120 53.8-120 120c0 11.6 1.6 22.7 4.7 33.3L439.9 415.8C410.7 377.1 364.3 352 312 352c-88.4 0-160 71.6-160 160s71.6 160 160 160c52.3 0 98.7-25.1 127.9-63.8l196.8 142.5c-3.1 10.6-4.7 21.8-4.7 33.3 0 66.2 53.8 120 120 120s120-53.8 120-120-53.8-120-120-120zm0-476c28.7 0 52 23.3 52 52s-23.3 52-52 52-52-23.3-52-52 23.3-52 52-52zM312 600c-48.5 0-88-39.5-88-88s39.5-88 88-88 88 39.5 88 88-39.5 88-88 88zm440 236c-28.7 0-52-23.3-52-52s23.3-52 52-52 52 23.3 52 52-23.3 52-52 52z"
        />
      </svg>
    </button>
  </div>
</div>
`;

exports[`Graph Tempo Predefinido Deve renderizar o grafico com a opção de tempo predefinido 1`] = `
<div
  className="css-0"
>
  <canvas
    className="Grafico"
    height={150}
    role="img"
    width={300}
  />
  <div
    className="chakra-stack css-0"
  >
    <button
      className="css-0"
      onClick={[Function]}
      placeholder="Download"
    >
      <img
        className="chakra-image css-0"
        id="screenshot-icon"
        src="images/screenshot-icon.svg"
      />
    </button>
    <a
      download="16032022074210"
      href="data:text/csv;charset=utf-8,﻿
"
      onClick={[Function]}
      target="_self"
    >
      <button
        aria-label="download"
        className="chakra-button css-0"
        type="button"
      >
        <svg
          aria-hidden={true}
          fill="none"
          focusable={false}
          height="1em"
          stroke="currentColor"
          strokeLinecap="round"
          strokeLinejoin="round"
          strokeWidth="2"
          style={
            Object {
              "color": undefined,
            }
          }
          viewBox="0 0 24 24"
          width="1em"
          xmlns="http://www.w3.org/2000/svg"
        >
          <path
            d="M21 15v4a2 2 0 0 1-2 2H5a2 2 0 0 1-2-2v-4"
          />
          <polyline
            points="7 10 12 15 17 10"
          />
          <line
            x1="12"
            x2="12"
            y1="15"
            y2="3"
          />
        </svg>
      </button>
    </a>
    <button
      aria-label="compartilhar"
      className="chakra-button css-0"
      onClick={[Function]}
      type="button"
    >
      <svg
        aria-hidden={true}
        fill="currentColor"
        focusable={false}
        height="1em"
        stroke="currentColor"
        strokeWidth="0"
        style={
          Object {
            "color": undefined,
          }
        }
        viewBox="0 0 1024 1024"
        width="1em"
        xmlns="http://www.w3.org/2000/svg"
      >
        <path
          d="M752 664c-28.5 0-54.8 10-75.4 26.7L469.4 540.8a160.68 160.68 0 0 0 0-57.6l207.2-149.9C697.2 350 723.5 360 752 360c66.2 0 120-53.8 120-120s-53.8-120-120-120-120 53.8-120 120c0 11.6 1.6 22.7 4.7 33.3L439.9 415.8C410.7 377.1 364.3 352 312 352c-88.4 0-160 71.6-160 160s71.6 160 160 160c52.3 0 98.7-25.1 127.9-63.8l196.8 142.5c-3.1 10.6-4.7 21.8-4.7 33.3 0 66.2 53.8 120 120 120s120-53.8 120-120-53.8-120-120-120zm0-476c28.7 0 52 23.3 52 52s-23.3 52-52 52-52-23.3-52-52 23.3-52 52-52zM312 600c-48.5 0-88-39.5-88-88s39.5-88 88-88 88 39.5 88 88-39.5 88-88 88zm440 236c-28.7 0-52-23.3-52-52s23.3-52 52-52 52 23.3 52 52-23.3 52-52 52z"
        />
      </svg>
    </button>
  </div>
</div>
`;
